// Jest Snapshot v1, https://goo.gl/fbAQLP

exports[`basic style 1`] = `
  () => <div className="element_7nq">Hello World</div>;
  css(\`
  	.element_7nq {
  		color: green;
  	}
  \`);
`;

exports[`component 1`] = `  () => <div>Hello World</div>;`;

exports[`multiple children 1`] = `
  () => (
    <Fragment>
      <div>Foo</div>
      <div>Bar</div>
    </Fragment>
  );
`;

exports[`statement pass-thru 1`] = `
  () => {
    const [x, setX] = useState();
    useEffect(() => {
      void x;
      setX();
    }, []);
  
    return <div />;
  };
`;
