// Jest Snapshot v1, https://goo.gl/fbAQLP

exports[`output attributes 1`] = `
  () => <div className="element_7nq" />;
  css(\`
  	.element_7nq {
  		background: red;
  	}
  \`);
`;
