// Jest Snapshot v1, https://goo.gl/fbAQLP

exports[`basic style 1`] = `
  () => <div className="element_7nq">Hello World</div>;
  css(\`
  	.element_7nq {
  		color: green;
  	}
  \`);
`;
