// Jest Snapshot v1, https://goo.gl/fbAQLP

exports[`whatever 1`] = `
  const App = () => {
    return <div className="App_8dv">Hello World</div>;
  };
  
  css(\`
  	.App_8dv {
  		margin: 20px;
  	}
  \`);
`;
