// Jest Snapshot v1, https://goo.gl/fbAQLP

exports[`will convert \`./../file.ext\` to require 1`] = `
"() => create(\\"img\\", {
  \\"src\\": require(\\"./logo.svg\\")
}, \\"This should be a require-sourced file!\\");"
`;

exports[`will convert \`./../file.ext\` to require 2`] = `"() => <img src={require(\\"./logo.svg\\")}>This should be a require-sourced file!</img>;"`;
